-- The C compiler identification is GNU 11.4.0
-- The CXX compiler identification is GNU 11.4.0
-- Detecting C compiler ABI info
-- Detecting C compiler ABI info - done
-- Check for working C compiler: /usr/bin/cc - skipped
-- Detecting C compile features
-- Detecting C compile features - done
-- Detecting CXX compiler ABI info
-- Detecting CXX compiler ABI info - done
-- Check for working CXX compiler: /usr/bin/c++ - skipped
-- Detecting CXX compile features
-- Detecting CXX compile features - done
-- Found ament_cmake: 1.3.12 (/home/leo/ros2_humble/install/ament_cmake/share/ament_cmake/cmake)
-- Found Python3: /usr/bin/python3 (found version "3.10.12") found components: Interpreter 
-- Found rclcpp: 16.0.16 (/home/leo/ros2_humble/install/rclcpp/share/rclcpp/cmake)
-- Found rosidl_generator_c: 3.1.7 (/home/leo/ros2_humble/install/rosidl_generator_c/share/rosidl_generator_c/cmake)
-- Found rosidl_adapter: 3.1.7 (/home/leo/ros2_humble/install/rosidl_adapter/share/rosidl_adapter/cmake)
-- Found rosidl_generator_cpp: 3.1.7 (/home/leo/ros2_humble/install/rosidl_generator_cpp/share/rosidl_generator_cpp/cmake)
-- Using all available rosidl_typesupport_c: rosidl_typesupport_introspection_c;rosidl_typesupport_fastrtps_c
-- Using all available rosidl_typesupport_cpp: rosidl_typesupport_introspection_cpp;rosidl_typesupport_fastrtps_cpp
-- Found rmw_implementation_cmake: 6.1.2 (/home/leo/ros2_humble/install/rmw_implementation_cmake/share/rmw_implementation_cmake/cmake)
-- Found rmw_fastrtps_cpp: 6.2.9 (/home/leo/ros2_humble/install/rmw_fastrtps_cpp/share/rmw_fastrtps_cpp/cmake)
-- Found OpenSSL: /usr/lib/x86_64-linux-gnu/libcrypto.so (found version "3.0.2")  
-- Found FastRTPS: /home/leo/ros2_humble/install/fastrtps/include  
-- Using RMW implementation 'rmw_fastrtps_cpp' as default
-- Looking for pthread.h
-- Looking for pthread.h - found
-- Performing Test CMAKE_HAVE_LIBC_PTHREAD
-- Performing Test CMAKE_HAVE_LIBC_PTHREAD - Success
-- Found Threads: TRUE  
-- Found rclcpp_components: 16.0.16 (/home/leo/ros2_humble/install/rclcpp_components/share/rclcpp_components/cmake)
-- Found ament_lint_auto: 0.12.14 (/home/leo/ros2_humble/install/ament_lint_auto/share/ament_lint_auto/cmake)
-- Added test 'cppcheck' to perform static code analysis on C / C++ code
-- Configured cppcheck include dirs: /home/leo/ros2_ws/src/demo_nodes_cpp/include
-- Configured cppcheck exclude dirs and/or files: 
-- Added test 'lint_cmake' to check CMake code style
-- Added test 'uncrustify' to check C / C++ code style
-- Configured uncrustify additional arguments: 
-- Added test 'xmllint' to check XML markup files
-- Configuring done
-- Generating done
-- Build files have been written to: /home/leo/ros2_ws/src/demo_nodes_cpp/build/demo_nodes_cpp
[ 25%] [32mBuilding CXX object CMakeFiles/demo_nodes_cpp_component.dir/src/talker_loaned_message.cpp.o[0m
[ 50%] [32m[1mLinking CXX shared library libdemo_nodes_cpp_component.so[0m
[ 50%] Built target demo_nodes_cpp_component
[ 75%] [32mBuilding CXX object CMakeFiles/talker_loaned_message_node.dir/src/talker_loaned_message_node.cpp.o[0m
[100%] [32m[1mLinking CXX executable talker_loaned_message_node[0m
[100%] Built target talker_loaned_message_node
-- Install configuration: ""
-- Installing: /home/leo/ros2_ws/src/demo_nodes_cpp/install/demo_nodes_cpp/share/ament_index/resource_index/package_run_dependencies/demo_nodes_cpp
-- Installing: /home/leo/ros2_ws/src/demo_nodes_cpp/install/demo_nodes_cpp/share/ament_index/resource_index/parent_prefix_path/demo_nodes_cpp
-- Installing: /home/leo/ros2_ws/src/demo_nodes_cpp/install/demo_nodes_cpp/share/demo_nodes_cpp/environment/ament_prefix_path.sh
-- Installing: /home/leo/ros2_ws/src/demo_nodes_cpp/install/demo_nodes_cpp/share/demo_nodes_cpp/environment/ament_prefix_path.dsv
-- Installing: /home/leo/ros2_ws/src/demo_nodes_cpp/install/demo_nodes_cpp/share/demo_nodes_cpp/environment/path.sh
-- Installing: /home/leo/ros2_ws/src/demo_nodes_cpp/install/demo_nodes_cpp/share/demo_nodes_cpp/environment/path.dsv
-- Installing: /home/leo/ros2_ws/src/demo_nodes_cpp/install/demo_nodes_cpp/share/demo_nodes_cpp/local_setup.bash
-- Installing: /home/leo/ros2_ws/src/demo_nodes_cpp/install/demo_nodes_cpp/share/demo_nodes_cpp/local_setup.sh
-- Installing: /home/leo/ros2_ws/src/demo_nodes_cpp/install/demo_nodes_cpp/share/demo_nodes_cpp/local_setup.zsh
-- Installing: /home/leo/ros2_ws/src/demo_nodes_cpp/install/demo_nodes_cpp/share/demo_nodes_cpp/local_setup.dsv
-- Installing: /home/leo/ros2_ws/src/demo_nodes_cpp/install/demo_nodes_cpp/share/demo_nodes_cpp/package.dsv
-- Installing: /home/leo/ros2_ws/src/demo_nodes_cpp/install/demo_nodes_cpp/share/ament_index/resource_index/packages/demo_nodes_cpp
-- Installing: /home/leo/ros2_ws/src/demo_nodes_cpp/install/demo_nodes_cpp/share/demo_nodes_cpp/cmake/demo_nodes_cppConfig.cmake
-- Installing: /home/leo/ros2_ws/src/demo_nodes_cpp/install/demo_nodes_cpp/share/demo_nodes_cpp/cmake/demo_nodes_cppConfig-version.cmake
-- Installing: /home/leo/ros2_ws/src/demo_nodes_cpp/install/demo_nodes_cpp/share/demo_nodes_cpp/package.xml
